[2020-04-05 14:57:09] main.INFO: Consumer "async.operations.all" skipped as required connection "amqp" is not configured. Unknown connection name amqp [] []
[2020-04-05 14:58:04] main.INFO: Consumer "async.operations.all" skipped as required connection "amqp" is not configured. Unknown connection name amqp [] []
[2020-04-05 14:59:03] main.INFO: Consumer "async.operations.all" skipped as required connection "amqp" is not configured. Unknown connection name amqp [] []
[2020-04-05 14:59:55] main.ERROR: variable @mobile-cart-padding is undefined in file /home/thenext/domains/thenext.bearrunrun.com/public_html/var/view_preprocessed/pub/static/frontend/Smartwave/porto/en_US/css/source/_extends.less in _extends.less on line 755, column 57
753| .abs-toggling-title {
754|     @abs-toggling-title();
755|     .lib-css(padding, @indent__s @indent__xl @indent__s @mobile-cart-padding);
756|     .lib-icon-font(
757|         @icon-down,
758|         @_icon-font-size: 12px, [] []
[2020-04-05 14:59:55] main.CRITICAL: variable @mobile-cart-padding is undefined in file /home/thenext/domains/thenext.bearrunrun.com/public_html/var/view_preprocessed/pub/static/frontend/Smartwave/porto/en_US/css/source/_extends.less in _extends.less on line 755, column 57
753| .abs-toggling-title {
754|     @abs-toggling-title();
755|     .lib-css(padding, @indent__s @indent__xl @indent__s @mobile-cart-padding);
756|     .lib-icon-font(
757|         @icon-down,
758|         @_icon-font-size: 12px, [] []
[2020-04-05 14:59:56] main.ERROR: variable @mobile-cart-padding is undefined in file /home/thenext/domains/thenext.bearrunrun.com/public_html/var/view_preprocessed/pub/static/frontend/Smartwave/porto/en_US/css/source/_extends.less in _extends.less on line 755, column 57
753| .abs-toggling-title {
754|     @abs-toggling-title();
755|     .lib-css(padding, @indent__s @indent__xl @indent__s @mobile-cart-padding);
756|     .lib-icon-font(
757|         @icon-down,
758|         @_icon-font-size: 12px, [] []
[2020-04-05 14:59:56] main.CRITICAL: variable @mobile-cart-padding is undefined in file /home/thenext/domains/thenext.bearrunrun.com/public_html/var/view_preprocessed/pub/static/frontend/Smartwave/porto/en_US/css/source/_extends.less in _extends.less on line 755, column 57
753| .abs-toggling-title {
754|     @abs-toggling-title();
755|     .lib-css(padding, @indent__s @indent__xl @indent__s @mobile-cart-padding);
756|     .lib-icon-font(
757|         @icon-down,
758|         @_icon-font-size: 12px, [] []
[2020-04-05 15:00:03] main.INFO: Request token 2hbc4xminf3wmzqa4hpbf6rxfqvg4r7u was exchanged to obtain access token for consumer 1 [] []
[2020-04-05 15:00:03] main.INFO: Consumer "async.operations.all" skipped as required connection "amqp" is not configured. Unknown connection name amqp [] []
[2020-04-05 15:00:56] main.ERROR: variable @mobile-cart-padding is undefined in file /home/thenext/domains/thenext.bearrunrun.com/public_html/var/view_preprocessed/pub/static/frontend/Smartwave/porto/en_US/css/source/_extends.less in _extends.less on line 755, column 57
753| .abs-toggling-title {
754|     @abs-toggling-title();
755|     .lib-css(padding, @indent__s @indent__xl @indent__s @mobile-cart-padding);
756|     .lib-icon-font(
757|         @icon-down,
758|         @_icon-font-size: 12px, [] []
[2020-04-05 15:00:56] main.CRITICAL: variable @mobile-cart-padding is undefined in file /home/thenext/domains/thenext.bearrunrun.com/public_html/var/view_preprocessed/pub/static/frontend/Smartwave/porto/en_US/css/source/_extends.less in _extends.less on line 755, column 57
753| .abs-toggling-title {
754|     @abs-toggling-title();
755|     .lib-css(padding, @indent__s @indent__xl @indent__s @mobile-cart-padding);
756|     .lib-icon-font(
757|         @icon-down,
758|         @_icon-font-size: 12px, [] []
[2020-04-05 15:00:57] main.ERROR: variable @mobile-cart-padding is undefined in file /home/thenext/domains/thenext.bearrunrun.com/public_html/var/view_preprocessed/pub/static/frontend/Smartwave/porto/en_US/css/source/_extends.less in _extends.less on line 755, column 57
753| .abs-toggling-title {
754|     @abs-toggling-title();
755|     .lib-css(padding, @indent__s @indent__xl @indent__s @mobile-cart-padding);
756|     .lib-icon-font(
757|         @icon-down,
758|         @_icon-font-size: 12px, [] []
[2020-04-05 15:00:57] main.CRITICAL: variable @mobile-cart-padding is undefined in file /home/thenext/domains/thenext.bearrunrun.com/public_html/var/view_preprocessed/pub/static/frontend/Smartwave/porto/en_US/css/source/_extends.less in _extends.less on line 755, column 57
753| .abs-toggling-title {
754|     @abs-toggling-title();
755|     .lib-css(padding, @indent__s @indent__xl @indent__s @mobile-cart-padding);
756|     .lib-icon-font(
757|         @icon-down,
758|         @_icon-font-size: 12px, [] []
[2020-04-05 15:01:03] main.INFO: Consumer "async.operations.all" skipped as required connection "amqp" is not configured. Unknown connection name amqp [] []
[2020-04-05 15:01:28] main.ERROR: variable @mobile-cart-padding is undefined in file /home/thenext/domains/thenext.bearrunrun.com/public_html/var/view_preprocessed/pub/static/frontend/Smartwave/porto/en_US/css/source/_extends.less in _extends.less on line 755, column 57
753| .abs-toggling-title {
754|     @abs-toggling-title();
755|     .lib-css(padding, @indent__s @indent__xl @indent__s @mobile-cart-padding);
756|     .lib-icon-font(
757|         @icon-down,
758|         @_icon-font-size: 12px, [] []
[2020-04-05 15:01:28] main.CRITICAL: variable @mobile-cart-padding is undefined in file /home/thenext/domains/thenext.bearrunrun.com/public_html/var/view_preprocessed/pub/static/frontend/Smartwave/porto/en_US/css/source/_extends.less in _extends.less on line 755, column 57
753| .abs-toggling-title {
754|     @abs-toggling-title();
755|     .lib-css(padding, @indent__s @indent__xl @indent__s @mobile-cart-padding);
756|     .lib-icon-font(
757|         @icon-down,
758|         @_icon-font-size: 12px, [] []
[2020-04-05 15:01:28] main.ERROR: variable @mobile-cart-padding is undefined in file /home/thenext/domains/thenext.bearrunrun.com/public_html/var/view_preprocessed/pub/static/frontend/Smartwave/porto/en_US/css/source/_extends.less in _extends.less on line 755, column 57
753| .abs-toggling-title {
754|     @abs-toggling-title();
755|     .lib-css(padding, @indent__s @indent__xl @indent__s @mobile-cart-padding);
756|     .lib-icon-font(
757|         @icon-down,
758|         @_icon-font-size: 12px, [] []
[2020-04-05 15:01:28] main.CRITICAL: variable @mobile-cart-padding is undefined in file /home/thenext/domains/thenext.bearrunrun.com/public_html/var/view_preprocessed/pub/static/frontend/Smartwave/porto/en_US/css/source/_extends.less in _extends.less on line 755, column 57
753| .abs-toggling-title {
754|     @abs-toggling-title();
755|     .lib-css(padding, @indent__s @indent__xl @indent__s @mobile-cart-padding);
756|     .lib-icon-font(
757|         @icon-down,
758|         @_icon-font-size: 12px, [] []
[2020-04-05 15:02:03] main.INFO: Consumer "async.operations.all" skipped as required connection "amqp" is not configured. Unknown connection name amqp [] []
[2020-04-05 15:03:04] main.INFO: Consumer "async.operations.all" skipped as required connection "amqp" is not configured. Unknown connection name amqp [] []
[2020-04-05 15:04:03] main.INFO: Consumer "async.operations.all" skipped as required connection "amqp" is not configured. Unknown connection name amqp [] []
[2020-04-05 15:05:04] main.INFO: Consumer "async.operations.all" skipped as required connection "amqp" is not configured. Unknown connection name amqp [] []
[2020-04-05 15:06:07] main.ERROR: variable @mobile-cart-padding is undefined in file /home/thenext/domains/thenext.bearrunrun.com/public_html/var/view_preprocessed/pub/static/frontend/Smartwave/porto/en_US/css/source/_extends.less in _extends.less on line 755, column 57
753| .abs-toggling-title {
754|     @abs-toggling-title();
755|     .lib-css(padding, @indent__s @indent__xl @indent__s @mobile-cart-padding);
756|     .lib-icon-font(
757|         @icon-down,
758|         @_icon-font-size: 12px, [] []
[2020-04-05 15:06:07] main.CRITICAL: variable @mobile-cart-padding is undefined in file /home/thenext/domains/thenext.bearrunrun.com/public_html/var/view_preprocessed/pub/static/frontend/Smartwave/porto/en_US/css/source/_extends.less in _extends.less on line 755, column 57
753| .abs-toggling-title {
754|     @abs-toggling-title();
755|     .lib-css(padding, @indent__s @indent__xl @indent__s @mobile-cart-padding);
756|     .lib-icon-font(
757|         @icon-down,
758|         @_icon-font-size: 12px, [] []
[2020-04-05 15:06:09] main.ERROR: variable @mobile-cart-padding is undefined in file /home/thenext/domains/thenext.bearrunrun.com/public_html/var/view_preprocessed/pub/static/frontend/Smartwave/porto/en_US/css/source/_extends.less in _extends.less on line 755, column 57
753| .abs-toggling-title {
754|     @abs-toggling-title();
755|     .lib-css(padding, @indent__s @indent__xl @indent__s @mobile-cart-padding);
756|     .lib-icon-font(
757|         @icon-down,
758|         @_icon-font-size: 12px, [] []
[2020-04-05 15:06:09] main.CRITICAL: variable @mobile-cart-padding is undefined in file /home/thenext/domains/thenext.bearrunrun.com/public_html/var/view_preprocessed/pub/static/frontend/Smartwave/porto/en_US/css/source/_extends.less in _extends.less on line 755, column 57
753| .abs-toggling-title {
754|     @abs-toggling-title();
755|     .lib-css(padding, @indent__s @indent__xl @indent__s @mobile-cart-padding);
756|     .lib-icon-font(
757|         @icon-down,
758|         @_icon-font-size: 12px, [] []
[2020-04-05 15:06:10] main.INFO: Consumer "async.operations.all" skipped as required connection "amqp" is not configured. Unknown connection name amqp [] []
[2020-04-05 15:07:03] main.INFO: Consumer "async.operations.all" skipped as required connection "amqp" is not configured. Unknown connection name amqp [] []
[2020-04-05 15:08:04] main.INFO: Consumer "async.operations.all" skipped as required connection "amqp" is not configured. Unknown connection name amqp [] []
[2020-04-05 15:09:03] main.INFO: Consumer "async.operations.all" skipped as required connection "amqp" is not configured. Unknown connection name amqp [] []
[2020-04-05 15:09:30] main.ERROR: NOTE: Manual static content deployment is not required in "default" and "developer" modes.
In "default" and "developer" modes static contents are being deployed automatically on demand.
If you still want to deploy in these modes, use -f option: 'bin/magento setup:static-content:deploy -f'
#0 /home/thenext/domains/thenext.bearrunrun.com/public_html/vendor/symfony/console/Command/Command.php(255): Magento\Setup\Console\Command\DeployStaticContentCommand->execute(Object(Symfony\Component\Console\Input\ArgvInput), Object(Symfony\Component\Console\Output\ConsoleOutput))
#1 /home/thenext/domains/thenext.bearrunrun.com/public_html/vendor/symfony/console/Application.php(893): Symfony\Component\Console\Command\Command->run(Object(Symfony\Component\Console\Input\ArgvInput), Object(Symfony\Component\Console\Output\ConsoleOutput))
#2 /home/thenext/domains/thenext.bearrunrun.com/public_html/vendor/symfony/console/Application.php(262): Symfony\Component\Console\Application->doRunCommand(Object(Magento\Setup\Console\Command\DeployStaticContentCommand), Object(Symfony\Component\Console\Input\ArgvInput), Object(Symfony\Component\Console\Output\ConsoleOutput))
#3 /home/thenext/domains/thenext.bearrunrun.com/public_html/vendor/magento/framework/Console/Cli.php(115): Symfony\Component\Console\Application->doRun(Object(Symfony\Component\Console\Input\ArgvInput), Object(Symfony\Component\Console\Output\ConsoleOutput))
#4 /home/thenext/domains/thenext.bearrunrun.com/public_html/vendor/symfony/console/Application.php(145): Magento\Framework\Console\Cli->doRun(Object(Symfony\Component\Console\Input\ArgvInput), Object(Symfony\Component\Console\Output\ConsoleOutput))
#5 /home/thenext/domains/thenext.bearrunrun.com/public_html/bin/magento(23): Symfony\Component\Console\Application->run()
#6 {main} [] []
[2020-04-05 15:10:04] main.INFO: Consumer "async.operations.all" skipped as required connection "amqp" is not configured. Unknown connection name amqp [] []
[2020-04-05 15:11:04] main.INFO: Consumer "async.operations.all" skipped as required connection "amqp" is not configured. Unknown connection name amqp [] []
[2020-04-05 15:11:18] main.ERROR: variable @mobile-cart-padding is undefined in file /home/thenext/domains/thenext.bearrunrun.com/public_html/var/view_preprocessed/pub/static/frontend/Smartwave/porto/en_US/css/source/_extends.less in _extends.less on line 755, column 57
753| .abs-toggling-title {
754|     @abs-toggling-title();
755|     .lib-css(padding, @indent__s @indent__xl @indent__s @mobile-cart-padding);
756|     .lib-icon-font(
757|         @icon-down,
758|         @_icon-font-size: 12px, [] []
[2020-04-05 15:11:18] main.CRITICAL: variable @mobile-cart-padding is undefined in file /home/thenext/domains/thenext.bearrunrun.com/public_html/var/view_preprocessed/pub/static/frontend/Smartwave/porto/en_US/css/source/_extends.less in _extends.less on line 755, column 57
753| .abs-toggling-title {
754|     @abs-toggling-title();
755|     .lib-css(padding, @indent__s @indent__xl @indent__s @mobile-cart-padding);
756|     .lib-icon-font(
757|         @icon-down,
758|         @_icon-font-size: 12px, [] []
[2020-04-05 15:11:19] main.ERROR: variable @mobile-cart-padding is undefined in file /home/thenext/domains/thenext.bearrunrun.com/public_html/var/view_preprocessed/pub/static/frontend/Smartwave/porto/en_US/css/source/_extends.less in _extends.less on line 755, column 57
753| .abs-toggling-title {
754|     @abs-toggling-title();
755|     .lib-css(padding, @indent__s @indent__xl @indent__s @mobile-cart-padding);
756|     .lib-icon-font(
757|         @icon-down,
758|         @_icon-font-size: 12px, [] []
[2020-04-05 15:11:19] main.CRITICAL: variable @mobile-cart-padding is undefined in file /home/thenext/domains/thenext.bearrunrun.com/public_html/var/view_preprocessed/pub/static/frontend/Smartwave/porto/en_US/css/source/_extends.less in _extends.less on line 755, column 57
753| .abs-toggling-title {
754|     @abs-toggling-title();
755|     .lib-css(padding, @indent__s @indent__xl @indent__s @mobile-cart-padding);
756|     .lib-icon-font(
757|         @icon-down,
758|         @_icon-font-size: 12px, [] []
[2020-04-05 15:12:03] main.INFO: Consumer "async.operations.all" skipped as required connection "amqp" is not configured. Unknown connection name amqp [] []
[2020-04-05 15:13:03] main.INFO: Consumer "async.operations.all" skipped as required connection "amqp" is not configured. Unknown connection name amqp [] []
[2020-04-05 15:14:04] main.INFO: Consumer "async.operations.all" skipped as required connection "amqp" is not configured. Unknown connection name amqp [] []
[2020-04-05 15:15:03] main.INFO: Consumer "async.operations.all" skipped as required connection "amqp" is not configured. Unknown connection name amqp [] []
[2020-04-05 15:15:32] main.ERROR: variable @mobile-cart-padding is undefined in file /home/thenext/domains/thenext.bearrunrun.com/public_html/var/view_preprocessed/pub/static/frontend/Smartwave/porto/en_US/css/source/_extends.less in _extends.less on line 755, column 57
753| .abs-toggling-title {
754|     @abs-toggling-title();
755|     .lib-css(padding, @indent__s @indent__xl @indent__s @mobile-cart-padding);
756|     .lib-icon-font(
757|         @icon-down,
758|         @_icon-font-size: 12px, [] []
[2020-04-05 15:15:32] main.CRITICAL: variable @mobile-cart-padding is undefined in file /home/thenext/domains/thenext.bearrunrun.com/public_html/var/view_preprocessed/pub/static/frontend/Smartwave/porto/en_US/css/source/_extends.less in _extends.less on line 755, column 57
753| .abs-toggling-title {
754|     @abs-toggling-title();
755|     .lib-css(padding, @indent__s @indent__xl @indent__s @mobile-cart-padding);
756|     .lib-icon-font(
757|         @icon-down,
758|         @_icon-font-size: 12px, [] []
[2020-04-05 15:15:33] main.ERROR: variable @mobile-cart-padding is undefined in file /home/thenext/domains/thenext.bearrunrun.com/public_html/var/view_preprocessed/pub/static/frontend/Smartwave/porto/en_US/css/source/_extends.less in _extends.less on line 755, column 57
753| .abs-toggling-title {
754|     @abs-toggling-title();
755|     .lib-css(padding, @indent__s @indent__xl @indent__s @mobile-cart-padding);
756|     .lib-icon-font(
757|         @icon-down,
758|         @_icon-font-size: 12px, [] []
[2020-04-05 15:15:33] main.CRITICAL: variable @mobile-cart-padding is undefined in file /home/thenext/domains/thenext.bearrunrun.com/public_html/var/view_preprocessed/pub/static/frontend/Smartwave/porto/en_US/css/source/_extends.less in _extends.less on line 755, column 57
753| .abs-toggling-title {
754|     @abs-toggling-title();
755|     .lib-css(padding, @indent__s @indent__xl @indent__s @mobile-cart-padding);
756|     .lib-icon-font(
757|         @icon-down,
758|         @_icon-font-size: 12px, [] []
[2020-04-05 15:16:13] main.INFO: Consumer "async.operations.all" skipped as required connection "amqp" is not configured. Unknown connection name amqp [] []
[2020-04-05 15:16:15] main.ERROR: variable @mobile-cart-padding is undefined in file /home/thenext/domains/thenext.bearrunrun.com/public_html/var/view_preprocessed/pub/static/frontend/Smartwave/porto/en_US/css/source/_extends.less in _extends.less on line 755, column 57
753| .abs-toggling-title {
754|     @abs-toggling-title();
755|     .lib-css(padding, @indent__s @indent__xl @indent__s @mobile-cart-padding);
756|     .lib-icon-font(
757|         @icon-down,
758|         @_icon-font-size: 12px, [] []
[2020-04-05 15:16:15] main.CRITICAL: variable @mobile-cart-padding is undefined in file /home/thenext/domains/thenext.bearrunrun.com/public_html/var/view_preprocessed/pub/static/frontend/Smartwave/porto/en_US/css/source/_extends.less in _extends.less on line 755, column 57
753| .abs-toggling-title {
754|     @abs-toggling-title();
755|     .lib-css(padding, @indent__s @indent__xl @indent__s @mobile-cart-padding);
756|     .lib-icon-font(
757|         @icon-down,
758|         @_icon-font-size: 12px, [] []
[2020-04-05 15:16:16] main.ERROR: variable @mobile-cart-padding is undefined in file /home/thenext/domains/thenext.bearrunrun.com/public_html/var/view_preprocessed/pub/static/frontend/Smartwave/porto/en_US/css/source/_extends.less in _extends.less on line 755, column 57
753| .abs-toggling-title {
754|     @abs-toggling-title();
755|     .lib-css(padding, @indent__s @indent__xl @indent__s @mobile-cart-padding);
756|     .lib-icon-font(
757|         @icon-down,
758|         @_icon-font-size: 12px, [] []
[2020-04-05 15:16:16] main.CRITICAL: variable @mobile-cart-padding is undefined in file /home/thenext/domains/thenext.bearrunrun.com/public_html/var/view_preprocessed/pub/static/frontend/Smartwave/porto/en_US/css/source/_extends.less in _extends.less on line 755, column 57
753| .abs-toggling-title {
754|     @abs-toggling-title();
755|     .lib-css(padding, @indent__s @indent__xl @indent__s @mobile-cart-padding);
756|     .lib-icon-font(
757|         @icon-down,
758|         @_icon-font-size: 12px, [] []
[2020-04-05 15:17:04] main.INFO: Consumer "async.operations.all" skipped as required connection "amqp" is not configured. Unknown connection name amqp [] []
[2020-04-05 15:18:03] main.ERROR: variable @mobile-cart-padding is undefined in file /home/thenext/domains/thenext.bearrunrun.com/public_html/var/view_preprocessed/pub/static/frontend/Smartwave/porto/en_US/css/source/_extends.less in _extends.less on line 755, column 57
753| .abs-toggling-title {
754|     @abs-toggling-title();
755|     .lib-css(padding, @indent__s @indent__xl @indent__s @mobile-cart-padding);
756|     .lib-icon-font(
757|         @icon-down,
758|         @_icon-font-size: 12px, [] []
[2020-04-05 15:18:03] main.CRITICAL: variable @mobile-cart-padding is undefined in file /home/thenext/domains/thenext.bearrunrun.com/public_html/var/view_preprocessed/pub/static/frontend/Smartwave/porto/en_US/css/source/_extends.less in _extends.less on line 755, column 57
753| .abs-toggling-title {
754|     @abs-toggling-title();
755|     .lib-css(padding, @indent__s @indent__xl @indent__s @mobile-cart-padding);
756|     .lib-icon-font(
757|         @icon-down,
758|         @_icon-font-size: 12px, [] []
[2020-04-05 15:18:05] main.INFO: Consumer "async.operations.all" skipped as required connection "amqp" is not configured. Unknown connection name amqp [] []
[2020-04-05 15:18:05] main.ERROR: variable @mobile-cart-padding is undefined in file /home/thenext/domains/thenext.bearrunrun.com/public_html/var/view_preprocessed/pub/static/frontend/Smartwave/porto/en_US/css/source/_extends.less in _extends.less on line 755, column 57
753| .abs-toggling-title {
754|     @abs-toggling-title();
755|     .lib-css(padding, @indent__s @indent__xl @indent__s @mobile-cart-padding);
756|     .lib-icon-font(
757|         @icon-down,
758|         @_icon-font-size: 12px, [] []
[2020-04-05 15:18:05] main.CRITICAL: variable @mobile-cart-padding is undefined in file /home/thenext/domains/thenext.bearrunrun.com/public_html/var/view_preprocessed/pub/static/frontend/Smartwave/porto/en_US/css/source/_extends.less in _extends.less on line 755, column 57
753| .abs-toggling-title {
754|     @abs-toggling-title();
755|     .lib-css(padding, @indent__s @indent__xl @indent__s @mobile-cart-padding);
756|     .lib-icon-font(
757|         @icon-down,
758|         @_icon-font-size: 12px, [] []
[2020-04-05 15:19:03] main.INFO: Consumer "async.operations.all" skipped as required connection "amqp" is not configured. Unknown connection name amqp [] []
[2020-04-05 15:20:04] main.INFO: Consumer "async.operations.all" skipped as required connection "amqp" is not configured. Unknown connection name amqp [] []
[2020-04-05 15:21:03] main.INFO: Consumer "async.operations.all" skipped as required connection "amqp" is not configured. Unknown connection name amqp [] []
[2020-04-05 15:22:03] main.INFO: Consumer "async.operations.all" skipped as required connection "amqp" is not configured. Unknown connection name amqp [] []
[2020-04-05 15:23:07] main.INFO: Consumer "async.operations.all" skipped as required connection "amqp" is not configured. Unknown connection name amqp [] []
[2020-04-05 15:23:08] main.ERROR: variable @mobile-cart-padding is undefined in file /home/thenext/domains/thenext.bearrunrun.com/public_html/var/view_preprocessed/pub/static/frontend/Smartwave/porto/en_US/css/source/_extends.less in _extends.less on line 755, column 57
753| .abs-toggling-title {
754|     @abs-toggling-title();
755|     .lib-css(padding, @indent__s @indent__xl @indent__s @mobile-cart-padding);
756|     .lib-icon-font(
757|         @icon-down,
758|         @_icon-font-size: 12px, [] []
[2020-04-05 15:23:08] main.CRITICAL: variable @mobile-cart-padding is undefined in file /home/thenext/domains/thenext.bearrunrun.com/public_html/var/view_preprocessed/pub/static/frontend/Smartwave/porto/en_US/css/source/_extends.less in _extends.less on line 755, column 57
753| .abs-toggling-title {
754|     @abs-toggling-title();
755|     .lib-css(padding, @indent__s @indent__xl @indent__s @mobile-cart-padding);
756|     .lib-icon-font(
757|         @icon-down,
758|         @_icon-font-size: 12px, [] []
[2020-04-05 15:23:09] main.ERROR: variable @mobile-cart-padding is undefined in file /home/thenext/domains/thenext.bearrunrun.com/public_html/var/view_preprocessed/pub/static/frontend/Smartwave/porto/en_US/css/source/_extends.less in _extends.less on line 755, column 57
753| .abs-toggling-title {
754|     @abs-toggling-title();
755|     .lib-css(padding, @indent__s @indent__xl @indent__s @mobile-cart-padding);
756|     .lib-icon-font(
757|         @icon-down,
758|         @_icon-font-size: 12px, [] []
[2020-04-05 15:23:09] main.CRITICAL: variable @mobile-cart-padding is undefined in file /home/thenext/domains/thenext.bearrunrun.com/public_html/var/view_preprocessed/pub/static/frontend/Smartwave/porto/en_US/css/source/_extends.less in _extends.less on line 755, column 57
753| .abs-toggling-title {
754|     @abs-toggling-title();
755|     .lib-css(padding, @indent__s @indent__xl @indent__s @mobile-cart-padding);
756|     .lib-icon-font(
757|         @icon-down,
758|         @_icon-font-size: 12px, [] []
[2020-04-05 15:23:15] main.ERROR: variable @mobile-cart-padding is undefined in file /home/thenext/domains/thenext.bearrunrun.com/public_html/var/view_preprocessed/pub/static/frontend/Smartwave/porto/en_US/css/source/_extends.less in _extends.less on line 755, column 57
753| .abs-toggling-title {
754|     @abs-toggling-title();
755|     .lib-css(padding, @indent__s @indent__xl @indent__s @mobile-cart-padding);
756|     .lib-icon-font(
757|         @icon-down,
758|         @_icon-font-size: 12px, [] []
[2020-04-05 15:23:15] main.CRITICAL: variable @mobile-cart-padding is undefined in file /home/thenext/domains/thenext.bearrunrun.com/public_html/var/view_preprocessed/pub/static/frontend/Smartwave/porto/en_US/css/source/_extends.less in _extends.less on line 755, column 57
753| .abs-toggling-title {
754|     @abs-toggling-title();
755|     .lib-css(padding, @indent__s @indent__xl @indent__s @mobile-cart-padding);
756|     .lib-icon-font(
757|         @icon-down,
758|         @_icon-font-size: 12px, [] []
[2020-04-05 15:23:15] main.ERROR: variable @mobile-cart-padding is undefined in file /home/thenext/domains/thenext.bearrunrun.com/public_html/var/view_preprocessed/pub/static/frontend/Smartwave/porto/en_US/css/source/_extends.less in _extends.less on line 755, column 57
753| .abs-toggling-title {
754|     @abs-toggling-title();
755|     .lib-css(padding, @indent__s @indent__xl @indent__s @mobile-cart-padding);
756|     .lib-icon-font(
757|         @icon-down,
758|         @_icon-font-size: 12px, [] []
[2020-04-05 15:23:15] main.CRITICAL: variable @mobile-cart-padding is undefined in file /home/thenext/domains/thenext.bearrunrun.com/public_html/var/view_preprocessed/pub/static/frontend/Smartwave/porto/en_US/css/source/_extends.less in _extends.less on line 755, column 57
753| .abs-toggling-title {
754|     @abs-toggling-title();
755|     .lib-css(padding, @indent__s @indent__xl @indent__s @mobile-cart-padding);
756|     .lib-icon-font(
757|         @icon-down,
758|         @_icon-font-size: 12px, [] []
[2020-04-05 15:24:03] main.INFO: Consumer "async.operations.all" skipped as required connection "amqp" is not configured. Unknown connection name amqp [] []
[2020-04-05 15:25:04] main.INFO: Consumer "async.operations.all" skipped as required connection "amqp" is not configured. Unknown connection name amqp [] []
[2020-04-05 15:26:03] main.INFO: Consumer "async.operations.all" skipped as required connection "amqp" is not configured. Unknown connection name amqp [] []
[2020-04-05 15:27:13] main.INFO: Consumer "async.operations.all" skipped as required connection "amqp" is not configured. Unknown connection name amqp [] []
[2020-04-05 15:28:03] main.INFO: Consumer "async.operations.all" skipped as required connection "amqp" is not configured. Unknown connection name amqp [] []
[2020-04-05 15:29:03] main.INFO: Consumer "async.operations.all" skipped as required connection "amqp" is not configured. Unknown connection name amqp [] []
[2020-04-05 15:30:03] main.INFO: Consumer "async.operations.all" skipped as required connection "amqp" is not configured. Unknown connection name amqp [] []
[2020-04-05 15:31:03] main.INFO: Consumer "async.operations.all" skipped as required connection "amqp" is not configured. Unknown connection name amqp [] []
[2020-04-05 15:32:07] main.INFO: Consumer "async.operations.all" skipped as required connection "amqp" is not configured. Unknown connection name amqp [] []
[2020-04-05 15:33:03] main.INFO: Consumer "async.operations.all" skipped as required connection "amqp" is not configured. Unknown connection name amqp [] []
[2020-04-05 15:34:03] main.INFO: Consumer "async.operations.all" skipped as required connection "amqp" is not configured. Unknown connection name amqp [] []
[2020-04-05 15:34:46] main.ERROR: variable @mobile-cart-padding is undefined in file /home/thenext/domains/thenext.bearrunrun.com/public_html/var/view_preprocessed/pub/static/frontend/Smartwave/porto/en_US/css/source/_extends.less in _extends.less on line 755, column 57
753| .abs-toggling-title {
754|     @abs-toggling-title();
755|     .lib-css(padding, @indent__s @indent__xl @indent__s @mobile-cart-padding);
756|     .lib-icon-font(
757|         @icon-down,
758|         @_icon-font-size: 12px, [] []
[2020-04-05 15:34:46] main.CRITICAL: variable @mobile-cart-padding is undefined in file /home/thenext/domains/thenext.bearrunrun.com/public_html/var/view_preprocessed/pub/static/frontend/Smartwave/porto/en_US/css/source/_extends.less in _extends.less on line 755, column 57
753| .abs-toggling-title {
754|     @abs-toggling-title();
755|     .lib-css(padding, @indent__s @indent__xl @indent__s @mobile-cart-padding);
756|     .lib-icon-font(
757|         @icon-down,
758|         @_icon-font-size: 12px, [] []
[2020-04-05 15:34:46] main.ERROR: variable @mobile-cart-padding is undefined in file /home/thenext/domains/thenext.bearrunrun.com/public_html/var/view_preprocessed/pub/static/frontend/Smartwave/porto/en_US/css/source/_extends.less in _extends.less on line 755, column 57
753| .abs-toggling-title {
754|     @abs-toggling-title();
755|     .lib-css(padding, @indent__s @indent__xl @indent__s @mobile-cart-padding);
756|     .lib-icon-font(
757|         @icon-down,
758|         @_icon-font-size: 12px, [] []
[2020-04-05 15:34:46] main.CRITICAL: variable @mobile-cart-padding is undefined in file /home/thenext/domains/thenext.bearrunrun.com/public_html/var/view_preprocessed/pub/static/frontend/Smartwave/porto/en_US/css/source/_extends.less in _extends.less on line 755, column 57
753| .abs-toggling-title {
754|     @abs-toggling-title();
755|     .lib-css(padding, @indent__s @indent__xl @indent__s @mobile-cart-padding);
756|     .lib-icon-font(
757|         @icon-down,
758|         @_icon-font-size: 12px, [] []
